error: Expected a string literal.
 --> tests/compile_fail/documentation_error.rs:8:13
  |
8 |     #[doc = false]
  |             ^^^^^

error: Expected `doc = ...`
 --> tests/compile_fail/documentation_error.rs:9:7
  |
9 |     #[doc]
  |       ^^^
